\BOOKMARK [1][-]{section.1}{\376\377\000O\000v\000e\000r\000v\000i\000e\000w}{}% 1
\BOOKMARK [1][-]{section.2}{\376\377\000F\000i\000l\000e\000\040\000S\000t\000r\000u\000c\000t\000u\000r\000e\000\040\000\046\000\040\000I\000m\000p\000o\000r\000t\000s}{}% 2
\BOOKMARK [2][-]{subsection.2.1}{\376\377\000T\000h\000e\000\040\000i\000m\000p\000o\000r\000t\000\040\000D\000i\000r\000e\000c\000t\000i\000v\000e}{section.2}% 3
\BOOKMARK [1][-]{section.3}{\376\377\000S\000i\000m\000u\000l\000a\000t\000i\000o\000n\000\040\000D\000i\000r\000e\000c\000t\000i\000v\000e\000s}{}% 4
\BOOKMARK [2][-]{subsection.3.1}{\376\377\000.\000t\000r\000a\000n\000\040\040\024\000\040\000T\000r\000a\000n\000s\000i\000e\000n\000t\000\040\000A\000n\000a\000l\000y\000s\000i\000s}{section.3}% 5
\BOOKMARK [2][-]{subsection.3.2}{\376\377\000.\000s\000a\000v\000e\000\040\040\024\000\040\000S\000i\000g\000n\000a\000l\000\040\000L\000o\000g\000g\000i\000n\000g}{section.3}% 6
\BOOKMARK [2][-]{subsection.3.3}{\376\377\000.\000z\000c\000d\000\040\040\024\000\040\000Z\000e\000r\000o\000-\000C\000r\000o\000s\000s\000i\000n\000g\000\040\000D\000e\000t\000e\000c\000t\000i\000o\000n}{section.3}% 7
\BOOKMARK [2][-]{subsection.3.4}{\376\377\000.\000o\000p\000\040\040\024\000\040\000D\000C\000\040\000O\000p\000e\000r\000a\000t\000i\000n\000g\000\040\000P\000o\000i\000n\000t}{section.3}% 8
\BOOKMARK [2][-]{subsection.3.5}{\376\377\000.\000s\000o\000l\000v\000e\000r\000\040\040\024\000\040\000S\000o\000l\000v\000e\000r\000\040\000T\000y\000p\000e}{section.3}% 9
\BOOKMARK [1][-]{section.4}{\376\377\000D\000a\000t\000a\000\040\000T\000y\000p\000e\000s}{}% 10
\BOOKMARK [2][-]{subsection.4.1}{\376\377\000S\000t\000r\000u\000c\000t\000u\000r\000a\000l\000\040\000T\000y\000p\000e\000s}{section.4}% 11
\BOOKMARK [2][-]{subsection.4.2}{\376\377\000F\000l\000o\000a\000t\000i\000n\000g\000-\000P\000o\000i\000n\000t\000\040\000T\000y\000p\000e\000s}{section.4}% 12
\BOOKMARK [2][-]{subsection.4.3}{\376\377\000I\000n\000t\000e\000g\000e\000r\000\040\000T\000y\000p\000e\000s}{section.4}% 13
\BOOKMARK [2][-]{subsection.4.4}{\376\377\000A\000r\000r\000a\000y\000s}{section.4}% 14
\BOOKMARK [3][-]{subsubsection.4.4.1}{\376\377\000M\000u\000l\000t\000i\000d\000i\000m\000e\000n\000s\000i\000o\000n\000a\000l\000\040\000A\000r\000r\000a\000y\000s}{subsection.4.4}% 15
\BOOKMARK [2][-]{subsection.4.5}{\376\377\000P\000o\000i\000n\000t\000e\000r\000s}{section.4}% 16
\BOOKMARK [3][-]{subsubsection.4.5.1}{\376\377\000A\000d\000d\000r\000e\000s\000s\000-\000o\000f\000\040\000a\000n\000d\000\040\000D\000e\000r\000e\000f\000e\000r\000e\000n\000c\000e}{subsection.4.5}% 17
\BOOKMARK [3][-]{subsubsection.4.5.2}{\376\377\000I\000n\000d\000e\000x\000i\000n\000g}{subsection.4.5}% 18
\BOOKMARK [3][-]{subsubsection.4.5.3}{\376\377\000P\000o\000i\000n\000t\000e\000r\000s\000\040\000a\000s\000\040\000F\000u\000n\000c\000t\000i\000o\000n\000\040\000P\000a\000r\000a\000m\000e\000t\000e\000r\000s}{subsection.4.5}% 19
\BOOKMARK [3][-]{subsubsection.4.5.4}{\376\377\000P\000o\000i\000n\000t\000e\000r\000s\000\040\000a\000s\000\040\000S\000t\000a\000t\000e}{subsection.4.5}% 20
\BOOKMARK [1][-]{section.5}{\376\377\000N\000u\000m\000b\000e\000r\000\040\000L\000i\000t\000e\000r\000a\000l\000s\000\040\000\046\000\040\000S\000u\000f\000f\000i\000x\000e\000s}{}% 21
\BOOKMARK [1][-]{section.6}{\376\377\000O\000p\000e\000r\000a\000t\000o\000r\000s}{}% 22
\BOOKMARK [2][-]{subsection.6.1}{\376\377\000A\000r\000i\000t\000h\000m\000e\000t\000i\000c}{section.6}% 23
\BOOKMARK [2][-]{subsection.6.2}{\376\377\000B\000i\000t\000w\000i\000s\000e\000\040\000\046\000\040\000I\000n\000t\000e\000g\000e\000r\000\040\000O\000p\000e\000r\000a\000t\000o\000r\000s}{section.6}% 24
\BOOKMARK [2][-]{subsection.6.3}{\376\377\000C\000o\000m\000p\000a\000r\000i\000s\000o\000n\000\040\000\050\000r\000e\000t\000u\000r\000n\000\040\0001\000.\0000\000\040\000o\000r\000\040\0000\000.\0000\000\051}{section.6}% 25
\BOOKMARK [2][-]{subsection.6.4}{\376\377\000L\000o\000g\000i\000c\000a\000l}{section.6}% 26
\BOOKMARK [2][-]{subsection.6.5}{\376\377\000P\000r\000e\000c\000e\000d\000e\000n\000c\000e\000\040\000\050\000h\000i\000g\000h\000e\000s\000t\000\040\000t\000o\000\040\000l\000o\000w\000e\000s\000t\000\051}{section.6}% 27
\BOOKMARK [1][-]{section.7}{\376\377\000V\000a\000r\000i\000a\000b\000l\000e\000s\000\040\000\046\000\040\000S\000t\000a\000t\000e}{}% 28
\BOOKMARK [2][-]{subsection.7.1}{\376\377\000L\000o\000c\000a\000l\000\040\000V\000a\000r\000i\000a\000b\000l\000e}{section.7}% 29
\BOOKMARK [2][-]{subsection.7.2}{\376\377\000S\000t\000a\000t\000e\000\040\000V\000a\000r\000i\000a\000b\000l\000e}{section.7}% 30
\BOOKMARK [1][-]{section.8}{\376\377\000C\000o\000n\000t\000r\000o\000l\000\040\000F\000l\000o\000w}{}% 31
\BOOKMARK [2][-]{subsection.8.1}{\376\377\000I\000f\000\040\000/\000\040\000E\000l\000s\000e\000\040\000I\000f\000\040\000/\000\040\000E\000l\000s\000e}{section.8}% 32
\BOOKMARK [2][-]{subsection.8.2}{\376\377\000W\000h\000i\000l\000e\000\040\000L\000o\000o\000p}{section.8}% 33
\BOOKMARK [1][-]{section.9}{\376\377\000F\000u\000n\000c\000t\000i\000o\000n\000s}{}% 34
\BOOKMARK [2][-]{subsection.9.1}{\376\377\000D\000e\000c\000l\000a\000r\000a\000t\000i\000o\000n}{section.9}% 35
\BOOKMARK [2][-]{subsection.9.2}{\376\377\000C\000a\000l\000l}{section.9}% 36
\BOOKMARK [1][-]{section.10}{\376\377\000M\000o\000d\000u\000l\000e\000s}{}% 37
\BOOKMARK [2][-]{subsection.10.1}{\376\377\000D\000o\000m\000a\000i\000n\000s}{section.10}% 38
\BOOKMARK [2][-]{subsection.10.2}{\376\377\000D\000o\000m\000a\000i\000n\000\040\000R\000e\000s\000t\000r\000i\000c\000t\000i\000o\000n\000s}{section.10}% 39
\BOOKMARK [2][-]{subsection.10.3}{\376\377\000W\000h\000y\000\040\000T\000w\000o\000\040\000C\000o\000m\000p\000u\000t\000a\000t\000i\000o\000n\000a\000l\000\040\000D\000o\000m\000a\000i\000n\000s}{section.10}% 40
\BOOKMARK [2][-]{subsection.10.4}{\376\377\000B\000r\000a\000c\000k\000e\000t\000\040\000C\000o\000n\000v\000e\000n\000t\000i\000o\000n}{section.10}% 41
\BOOKMARK [2][-]{subsection.10.5}{\376\377\000D\000e\000c\000l\000a\000r\000a\000t\000i\000o\000n}{section.10}% 42
\BOOKMARK [2][-]{subsection.10.6}{\376\377\000I\000n\000s\000t\000a\000n\000t\000i\000a\000t\000i\000o\000n}{section.10}% 43
\BOOKMARK [2][-]{subsection.10.7}{\376\377\000E\000x\000e\000c\000u\000t\000i\000o\000n\000\040\000O\000r\000d\000e\000r}{section.10}% 44
\BOOKMARK [1][-]{section.11}{\376\377\000C\000/\000C\000+\000+\000\040\000I\000n\000t\000e\000g\000r\000a\000t\000i\000o\000n\000\040\000\050\000F\000F\000I\000\051}{}% 45
\BOOKMARK [2][-]{subsection.11.1}{\376\377\000T\000h\000e\000\040\000i\000m\000p\000o\000r\000t\000c\000\040\000D\000i\000r\000e\000c\000t\000i\000v\000e}{section.11}% 46
\BOOKMARK [2][-]{subsection.11.2}{\376\377\000e\000x\000t\000e\000r\000n\000\040\000f\000u\000n\000c\000\040\000D\000e\000c\000l\000a\000r\000a\000t\000i\000o\000n\000s}{section.11}% 47
\BOOKMARK [2][-]{subsection.11.3}{\376\377\000P\000u\000t\000t\000i\000n\000g\000\040\000i\000t\000\040\000T\000o\000g\000e\000t\000h\000e\000r}{section.11}% 48
\BOOKMARK [2][-]{subsection.11.4}{\376\377\000H\000a\000n\000d\000l\000i\000n\000g\000\040\000S\000t\000r\000u\000c\000t\000s\000\040\000a\000n\000d\000\040\000C\000o\000m\000p\000l\000e\000x\000\040\000T\000y\000p\000e\000s}{section.11}% 49
\BOOKMARK [2][-]{subsection.11.5}{\376\377\000T\000h\000e\000\040\000O\000p\000a\000q\000u\000e\000\040\000P\000o\000i\000n\000t\000e\000r\000\040\000P\000a\000t\000t\000e\000r\000n}{section.11}% 50
\BOOKMARK [1][-]{section.12}{\376\377\000P\000h\000y\000s\000i\000c\000a\000l\000\040\000P\000r\000i\000m\000i\000t\000i\000v\000e\000s}{}% 51
\BOOKMARK [2][-]{subsection.12.1}{\376\377\000D\000r\000i\000v\000e\000n\000\040\000S\000o\000u\000r\000c\000e\000s\000\040\000\050\000L\000o\000g\000i\000c\000-\000c\000o\000n\000t\000r\000o\000l\000l\000e\000d\000\051}{section.12}% 52
\BOOKMARK [2][-]{subsection.12.2}{\376\377\000F\000i\000x\000e\000d\000\040\000S\000o\000u\000r\000c\000e\000s\000\040\000\050\000C\000o\000m\000p\000i\000l\000e\000-\000t\000i\000m\000e\000\040\000v\000a\000l\000u\000e\000\051}{section.12}% 53
\BOOKMARK [1][-]{section.13}{\376\377\000B\000u\000i\000l\000t\000-\000i\000n\000\040\000I\000n\000t\000r\000i\000n\000s\000i\000c\000s}{}% 54
\BOOKMARK [2][-]{subsection.13.1}{\376\377\000n\000r\000\137\000p\000r\000e\000v\000\050\000\051}{section.13}% 55
\BOOKMARK [3][-]{subsubsection.13.1.1}{\376\377\000n\000r\000\137\000p\000r\000e\000v\000\050\000\051\000\040\040\024\000\040\000S\000u\000p\000p\000o\000r\000t\000e\000d\000\040\000F\000o\000r\000m\000s}{subsection.13.1}% 56
\BOOKMARK [1][-]{section.14}{\376\377\000S\000p\000e\000c\000i\000a\000l\000\040\000K\000e\000y\000w\000o\000r\000d\000s}{}% 57
\BOOKMARK [1][-]{section.15}{\376\377\000S\000i\000m\000u\000l\000a\000t\000i\000o\000n\000\040\000R\000u\000n\000\040\000O\000r\000d\000e\000r}{}% 58
\BOOKMARK [1][-]{section.16}{\376\377\000F\000u\000l\000l\000\040\000E\000x\000a\000m\000p\000l\000e}{}% 59
